{"ru":"Привет!","key":{"a":1,"b":2},"target":"This is target"}